current directory: /usr/local/bundle/gems/date-3.5.1/ext/date
/usr/local/bin/ruby extconf.rb
checking for rb_category_warn()... yes
checking for timezone in time.h with -Werror... yes
checking for altzone in time.h with -Werror... no
creating Makefile

current directory: /usr/local/bundle/gems/date-3.5.1/ext/date
make DESTDIR\= sitearchdir\=./.gem.20251227-1-l6ub20 sitelibdir\=./.gem.20251227-1-l6ub20 clean

current directory: /usr/local/bundle/gems/date-3.5.1/ext/date
make DESTDIR\= sitearchdir\=./.gem.20251227-1-l6ub20 sitelibdir\=./.gem.20251227-1-l6ub20
compiling date_core.c
compiling date_parse.c
compiling date_strftime.c
compiling date_strptime.c
linking shared-object date_core.so

current directory: /usr/local/bundle/gems/date-3.5.1/ext/date
make DESTDIR\= sitearchdir\=./.gem.20251227-1-l6ub20 sitelibdir\=./.gem.20251227-1-l6ub20 install
/usr/bin/install -c -m 0755 date_core.so ./.gem.20251227-1-l6ub20

current directory: /usr/local/bundle/gems/date-3.5.1/ext/date
make DESTDIR\= sitearchdir\=./.gem.20251227-1-l6ub20 sitelibdir\=./.gem.20251227-1-l6ub20 clean
