current directory: /usr/local/bundle/gems/json-2.18.0/ext/json/ext/parser
/usr/local/bin/ruby extconf.rb
checking for rb_enc_interned_str() in ruby/encoding.h... yes
checking for rb_str_to_interned_str() in ruby.h... yes
checking for rb_hash_new_capa() in ruby.h... yes
checking for rb_hash_bulk_insert() in ruby.h... yes
checking for whether -std=c99 is accepted as CFLAGS... yes
checking for x86intrin.h... yes
checking for cpuid.h... yes
creating Makefile

current directory: /usr/local/bundle/gems/json-2.18.0/ext/json/ext/parser
make DESTDIR\= sitearchdir\=./.gem.20251227-1-a3itiq sitelibdir\=./.gem.20251227-1-a3itiq clean

current directory: /usr/local/bundle/gems/json-2.18.0/ext/json/ext/parser
make DESTDIR\= sitearchdir\=./.gem.20251227-1-a3itiq sitelibdir\=./.gem.20251227-1-a3itiq
compiling parser.c
linking shared-object json/ext/parser.so

current directory: /usr/local/bundle/gems/json-2.18.0/ext/json/ext/parser
make DESTDIR\= sitearchdir\=./.gem.20251227-1-a3itiq sitelibdir\=./.gem.20251227-1-a3itiq install
/usr/bin/install -c -m 0755 parser.so ./.gem.20251227-1-a3itiq/json/ext

current directory: /usr/local/bundle/gems/json-2.18.0/ext/json/ext/parser
make DESTDIR\= sitearchdir\=./.gem.20251227-1-a3itiq sitelibdir\=./.gem.20251227-1-a3itiq clean
